231514@os2:~$ mkdir directory1 directory2
231514@os2:~$ cd directory1
231514@os2:~/directory1$ touch file123
231514@os2:~/directory1$ man ls
231514@os2:~/directory1$ chmod 550 file123
231514@os2:~/directory1$ chmod u=rx,g=rx,o= file123
231514@os2:~/directory1$ who
233065   pts/0        2025-03-09 23:10 (77.29.86.227)
231048   pts/1        2025-03-09 23:50 (92.53.19.36)
223043   pts/2        2025-03-09 10:24 (89.205.63.66)
231173   pts/3        2025-03-10 01:22 (92.53.50.38)
231048   pts/4        2025-03-09 23:29 (92.53.19.36)
233059   pts/5        2025-03-10 00:43 (89.205.63.95)
223256   pts/6        2025-03-10 00:46 (77.28.180.162)
221215   pts/7        2025-03-10 00:11 (89.205.124.48)
231173   pts/8        2025-03-10 00:11 (92.53.50.38)
231132   pts/9        2025-03-09 21:54 (77.29.181.71)
231186   pts/10       2025-03-10 01:23 (92.53.36.84)
221037   pts/11       2025-03-09 23:39 (77.29.182.9)
231501   pts/12       2025-03-09 23:45 (77.29.8.59)
231173   pts/13       2025-03-10 00:28 (92.53.50.38)
232142   pts/14       2025-03-10 00:13 (62.162.133.62)
231173   pts/15       2025-03-09 23:33 (92.53.50.38)
231186   pts/16       2025-03-10 00:39 (92.53.36.84)
142045   pts/17       2025-03-10 01:30 (89.205.113.197)
221082   pts/18       2025-03-09 23:48 (92.53.57.102)
231514   pts/19       2025-03-10 01:31 (92.53.57.131)
231186   pts/20       2025-03-10 00:20 (92.53.36.84)
221502   pts/21       2025-03-10 01:01 (146.255.74.86)
233124   pts/22       2025-03-09 21:58 (79.126.132.49)
233069   pts/23       2025-03-09 22:33 (46.217.80.8)
233071   pts/25       2025-03-09 22:22 (185.100.244.35)
231164   pts/28       2025-03-09 23:34 (79.125.235.168)
233124   pts/32       2025-03-09 23:51 (79.126.130.135)
183122   pts/35       2025-03-09 23:37 (92.53.26.92)
221082   pts/38       2025-03-09 22:30 (92.53.57.102)
231053   pts/39       2025-03-09 23:39 (92.53.50.120)
213050   pts/50       2025-03-09 20:13 (92.53.13.142)
231514@os2:~/directory1$ mv file123 directory2/file234
mv: cannot move 'file123' to 'directory2/file234': No such file or directory
231514@os2:~/directory1$ cd ..
231514@os2:~$ mv file123 directory2/file234
mv: cannot stat 'file123': No such file or directory
231514@os2:~$ mv directory1/file123 directory2/file234
231514@os2:~$ rm -r directory1
231514@os2:~$
